app/(app)/page.tsx(91,98): error TS7006: Parameter 'url' implicitly has an 'any' type.
app/(app)/page.tsx(92,98): error TS7006: Parameter 'url' implicitly has an 'any' type.
app/(app)/page.tsx(93,100): error TS7006: Parameter 'url' implicitly has an 'any' type.
app/(app)/page.tsx(94,100): error TS7006: Parameter 'url' implicitly has an 'any' type.
components/app/CategoryNav.tsx(6,15): error TS2305: Module '"@/sanity.types"' has no exported member 'ALL_CATEGORIES_QUERYResult'.
components/app/CategoryTiles.tsx(6,15): error TS2305: Module '"@/sanity.types"' has no exported member 'ALL_CATEGORIES_QUERYResult'.
components/app/CategoryTiles.tsx(52,26): error TS7006: Parameter 'category' implicitly has an 'any' type.
components/app/FeaturedCarousel.tsx(19,15): error TS2305: Module '"@/sanity.types"' has no exported member 'FEATURED_PRODUCTS_QUERYResult'.
components/app/FeaturedCarousel.tsx(72,26): error TS7006: Parameter 'product' implicitly has an 'any' type.
components/app/ProductCard.tsx(11,15): error TS2305: Module '"@/sanity.types"' has no exported member 'FILTER_PRODUCTS_BY_NAME_QUERYResult'.
components/app/ProductCard.tsx(92,24): error TS7006: Parameter 'image' implicitly has an 'any' type.
components/app/ProductCard.tsx(92,31): error TS7006: Parameter 'index' implicitly has an 'any' type.
components/app/ProductFilters.tsx(18,15): error TS2305: Module '"@/sanity.types"' has no exported member 'ALL_CATEGORIES_QUERYResult'.
components/app/ProductFilters.tsx(204,30): error TS7006: Parameter 'category' implicitly has an 'any' type.
components/app/ProductGallery.tsx(6,15): error TS2305: Module '"@/sanity.types"' has no exported member 'PRODUCT_BY_SLUG_QUERYResult'.
components/app/ProductGallery.tsx(54,24): error TS7006: Parameter 'image' implicitly has an 'any' type.
components/app/ProductGallery.tsx(54,31): error TS7006: Parameter 'index' implicitly has an 'any' type.
components/app/ProductGrid.tsx(4,15): error TS2305: Module '"@/sanity.types"' has no exported member 'FILTER_PRODUCTS_BY_NAME_QUERYResult'.
components/app/ProductGrid.tsx(27,24): error TS7006: Parameter 'product' implicitly has an 'any' type.
components/app/ProductInfo.tsx(6,15): error TS2305: Module '"@/sanity.types"' has no exported member 'PRODUCT_BY_SLUG_QUERYResult'.
components/app/ProductSection.tsx(9,3): error TS2305: Module '"@/sanity.types"' has no exported member 'ALL_CATEGORIES_QUERYResult'.
components/app/ProductSection.tsx(10,3): error TS2305: Module '"@/sanity.types"' has no exported member 'FILTER_PRODUCTS_BY_NAME_QUERYResult'.
lib/ai/tools/get-my-orders.ts(10,15): error TS2305: Module '"@/sanity.types"' has no exported member 'ORDERS_BY_USER_QUERYResult'.
lib/ai/tools/get-my-orders.ts(72,14): error TS7006: Parameter 'order' implicitly has an 'any' type.
lib/ai/tools/get-my-orders.ts(88,69): error TS7006: Parameter 'order' implicitly has an 'any' type.
lib/ai/tools/get-my-orders.ts(97,14): error TS7006: Parameter 'name' implicitly has an 'any' type.
lib/ai/tools/get-my-orders.ts(100,14): error TS7006: Parameter 'url' implicitly has an 'any' type.
lib/ai/tools/search-products.ts(8,15): error TS2305: Module '"@/sanity.types"' has no exported member 'AI_SEARCH_PRODUCTS_QUERYResult'.
lib/ai/tools/search-products.ts(97,14): error TS7006: Parameter 'product' implicitly has an 'any' type.
